// Jest Snapshot v1, https://goo.gl/fbAQLP

exports[`Delimeter should render the delimeter 1`] = `
<hr
  id="XXX-XXX"
/>
`;
