// Jest Snapshot v1, https://goo.gl/fbAQLP

exports[`RawHTML should render the RawHTML 1`] = `
<div
  dangerouslySetInnerHTML={
    Object {
      "__html": "<p>Hello World</p>",
    }
  }
  id="XXX-XXX"
/>
`;
